// Jest Snapshot v1, https://goo.gl/fbAQLP

exports[`Relationship should not render anything if no options provided 1`] = `<div />`;

exports[`Relationship should not render anything if options provided without relationship 1`] = `<div />`;

exports[`Relationship should render custom render if options provided with relationship 1`] = `
<div>
  <div>
    Custom Relationship - 
    {"type":"relationship","format":"","version":2,"relationTo":"page","value":{"id":"67922e89bff17903c13f53f0","some":"custom","block":"fields"}}
  </div>
</div>
`;
